// Jest Snapshot v1, https://goo.gl/fbAQLP

exports[`Label component render Label snapshot 1`] = `
<DocumentFragment>
  <label
    class="label  form-label"
  />
</DocumentFragment>
`;
