// Jest Snapshot v1, https://goo.gl/fbAQLP

exports[`MovieFormModal component render MovieFormModal snapshot 1`] = `<DocumentFragment />`;
