// Jest Snapshot v1, https://goo.gl/fbAQLP

exports[`FieldInput component render FieldInput snapshot 1`] = `
<DocumentFragment>
  <div
    class="form-group"
  >
    <label
      class="label  form-label"
    >
      label
    </label>
    <input
      class="form-control"
    />
  </div>
</DocumentFragment>
`;
