// Jest Snapshot v1, https://goo.gl/fbAQLP

exports[`MovieDeleteModal component render MovieDeleteModal snapshot 1`] = `<DocumentFragment />`;
