// Jest Snapshot v1, https://goo.gl/fbAQLP

exports[`SortMovies component render SortMovies snapshot 1`] = `
<DocumentFragment>
  <div
    class="align-items-center justify-content-end sortMovies row"
  >
    <span
      class="sortByLabel"
    >
      sort by
    </span>
    <div
      class="sortTypeDropdown dropdown btn-group"
      role="group"
    >
      <button
        aria-expanded="false"
        aria-haspopup="true"
        class="dropdown-toggle btn"
        type="button"
      >
        rating
      </button>
    </div>
  </div>
</DocumentFragment>
`;
