// Jest Snapshot v1, https://goo.gl/fbAQLP

exports[`ErrorBoundary component render ErrorBoundary snapshot 1`] = `
<DocumentFragment>
  App
</DocumentFragment>
`;
